{
  "output": {
    "cluster_dns": {
      "value": "${module.cluster.ns_records}"
    }
  }
}