{
  "variable": {
    "ignition_bootstrap": {
      "default": ""
    }
  }
}