{
  "module": {
    "cluster": {
      "base_domain": "exoscale.ch",
      "bootstrap_bucket": "https://sos-ch-dk-2.exo.io/c-green-test-1234-bootstrap",
      "cluster_id": "c-green-test-1234",
      "control_vshn_net_token": "${var.control_vshn_net_token}",
      "hieradata_repo_user": "project_123_bot",
      "ignition_ca": "SomeCertificateString",
      "region": "ch-dk-2",
      "rhcos_template": "my-iso-image",
      "source": "git::https://github.com/appuio/terraform-openshift4-exoscale.git//?ref=v5.2.0",
      "ssh_key": "ssh-ed25519 AA..."
    }
  }
}