{
  "variable": {
    "control_vshn_net_token": {
      "default": ""
    }
  }
}