{
  "variable": {
    "control_vshn_net_token": {
      "default": ""
    },
    "lb_exoscale_api_key": {
      "default": ""
    },
    "lb_exoscale_api_secret": {
      "default": ""
    }
  }
}